npx : - Generating browser 
application bundles (phase: 
setup)...
At line:1 char:1
+ npx ng build > 
build_output.txt 2>&1
+ ~~~~~~~~~~~~~~~~~~~~~~~~~~~
~~~~~~~~~
    + CategoryInfo           
   : NotSpecified: (- Gener  
  ating br...hase: setup).   
 ..:String) [], RemoteExc    
eption
    + FullyQualifiedErrorId  
   : NativeCommandError
 
Γ£ö Browser application 
bundle generation complete.
Γ£ö Browser application 
bundle generation complete.

Warning: C:/Users/joshu/OneDr
ive/Desktop/HTML/VERA/src/app
/components/sidebar/sidebar.c
omponent.css exceeded 
maximum budget. Budget 2.00 
kB was not met by 86 bytes 
with a total of 2.08 kB.

Warning: C:/Users/joshu/OneDr
ive/Desktop/HTML/VERA/src/app
/pages/dashboard/dashboard.co
mponent.css exceeded maximum 
budget. Budget 2.00 kB was 
not met by 172 bytes with a 
total of 2.17 kB.

Warning: C:/Users/joshu/OneDr
ive/Desktop/HTML/VERA/src/app
/pages/landing/landing.compon
ent.css exceeded maximum 
budget. Budget 2.00 kB was 
not met by 1.13 kB with a 
total of 3.13 kB.



Error: node_modules/@types/no
de/child_process.d.ts:323:9 
- error TS1165: A computed 
property name in an ambient 
context must refer to an 
expression whose type is a 
literal type or a 'unique 
symbol' type.

323         
[Symbol.dispose](): void;
            ~~~~~~~~~~~~~~~~


Error: node_modules/@types/no
de/child_process.d.ts:323:17 
- error TS2339: Property 
'dispose' does not exist on 
type 'SymbolConstructor'.

323         
[Symbol.dispose](): void;
                    ~~~~~~~


Error: node_modules/@types/no
de/dgram.d.ts:558:9 - error 
TS1165: A computed property 
name in an ambient context 
must refer to an expression 
whose type is a literal type 
or a 'unique symbol' type.

558         
[Symbol.asyncDispose](): 
Promise<void>;
            
~~~~~~~~~~~~~~~~~~~~~


Error: node_modules/@types/no
de/dgram.d.ts:558:17 - error 
TS2339: Property 
'asyncDispose' does not 
exist on type 
'SymbolConstructor'.

558         
[Symbol.asyncDispose](): 
Promise<void>;
                    
~~~~~~~~~~~~


Error: node_modules/@types/no
de/events.d.ts:581:91 - 
error TS2304: Cannot find 
name 'Disposable'.

581         function 
addAbortListener(signal: 
AbortSignal, resource: 
(event: Event) => void): 
Disposable;
                             
                             
                             
       ~~~~~~~~~~


Error: node_modules/@types/no
de/fs.d.ts:330:9 - error 
TS1165: A computed property 
name in an ambient context 
must refer to an expression 
whose type is a literal type 
or a 'unique symbol' type.

330         
[Symbol.asyncDispose](): 
Promise<void>;
            
~~~~~~~~~~~~~~~~~~~~~


Error: node_modules/@types/no
de/fs.d.ts:330:17 - error 
TS2339: Property 
'asyncDispose' does not 
exist on type 
'SymbolConstructor'.

330         
[Symbol.asyncDispose](): 
Promise<void>;
                    
~~~~~~~~~~~~


Error: node_modules/@types/no
de/fs.d.ts:336:9 - error 
TS1165: A computed property 
name in an ambient context 
must refer to an expression 
whose type is a literal type 
or a 'unique symbol' type.

336         
[Symbol.dispose](): void;
            ~~~~~~~~~~~~~~~~


Error: node_modules/@types/no
de/fs.d.ts:336:17 - error 
TS2339: Property 'dispose' 
does not exist on type 
'SymbolConstructor'.

336         
[Symbol.dispose](): void;
                    ~~~~~~~


Error: node_modules/@types/no
de/fs.d.ts:657:9 - error 
TS1165: A computed property 
name in an ambient context 
must refer to an expression 
whose type is a literal type 
or a 'unique symbol' type.

657         
[Symbol.dispose](): void;
            ~~~~~~~~~~~~~~~~


Error: node_modules/@types/no
de/fs.d.ts:657:17 - error 
TS2339: Property 'dispose' 
does not exist on type 
'SymbolConstructor'.

657         
[Symbol.dispose](): void;
                    ~~~~~~~


Error: node_modules/@types/no
de/fs.d.ts:2155:41 - error 
TS2304: Cannot find name 
'Disposable'.

2155     interface 
DisposableTempDir extends 
Disposable {
                             
                ~~~~~~~~~~


Error: node_modules/@types/no
de/fs.d.ts:2167:9 - error 
TS1169: A computed property 
name in an interface must 
refer to an expression whose 
type is a literal type or a 
'unique symbol' type.

2167         
[Symbol.dispose](): void;
             ~~~~~~~~~~~~~~~~


Error: node_modules/@types/no
de/fs.d.ts:2167:17 - error 
TS2339: Property 'dispose' 
does not exist on type 
'SymbolConstructor'.

2167         
[Symbol.dispose](): void;
                     ~~~~~~~


Error: node_modules/@types/no
de/fs/promises.d.ts:496:9 - 
error TS1169: A computed 
property name in an 
interface must refer to an 
expression whose type is a 
literal type or a 'unique 
symbol' type.

496         
[Symbol.asyncDispose](): 
Promise<void>;
            
~~~~~~~~~~~~~~~~~~~~~


Error: node_modules/@types/no
de/fs/promises.d.ts:496:17 - 
error TS2339: Property 
'asyncDispose' does not 
exist on type 
'SymbolConstructor'.

496         
[Symbol.asyncDispose](): 
Promise<void>;
                    
~~~~~~~~~~~~


Error: node_modules/@types/no
de/fs/promises.d.ts:982:41 - 
error TS2304: Cannot find 
name 'AsyncDisposable'.

982     interface 
DisposableTempDir extends 
AsyncDisposable {
                             
               
~~~~~~~~~~~~~~~


Error: node_modules/@types/no
de/fs/promises.d.ts:994:9 - 
error TS1169: A computed 
property name in an 
interface must refer to an 
expression whose type is a 
literal type or a 'unique 
symbol' type.

994         
[Symbol.asyncDispose](): 
Promise<void>;
            
~~~~~~~~~~~~~~~~~~~~~


Error: node_modules/@types/no
de/fs/promises.d.ts:994:17 - 
error TS2339: Property 
'asyncDispose' does not 
exist on type 
'SymbolConstructor'.

994         
[Symbol.asyncDispose](): 
Promise<void>;
                    
~~~~~~~~~~~~


Error: node_modules/@types/no
de/inspector.d.ts:49:66 - 
error TS2304: Cannot find 
name 'Disposable'.

49     function open(port?: 
number, host?: string, 
wait?: boolean): Disposable;
                             
                             
          ~~~~~~~~~~


Error: node_modules/@types/no
de/net.d.ts:617:9 - error 
TS1165: A computed property 
name in an ambient context 
must refer to an expression 
whose type is a literal type 
or a 'unique symbol' type.

617         
[Symbol.asyncDispose](): 
Promise<void>;
            
~~~~~~~~~~~~~~~~~~~~~


Error: node_modules/@types/no
de/net.d.ts:617:17 - error 
TS2339: Property 
'asyncDispose' does not 
exist on type 
'SymbolConstructor'.

617         
[Symbol.asyncDispose](): 
Promise<void>;
                    
~~~~~~~~~~~~


Error: node_modules/@types/no
de/perf_hooks.d.ts:461:9 - 
error TS1169: A computed 
property name in an 
interface must refer to an 
expression whose type is a 
literal type or a 'unique 
symbol' type.

461         
[Symbol.dispose](): void;
            ~~~~~~~~~~~~~~~~


Error: node_modules/@types/no
de/perf_hooks.d.ts:461:17 - 
error TS2339: Property 
'dispose' does not exist on 
type 'SymbolConstructor'.

461         
[Symbol.dispose](): void;
                    ~~~~~~~


Error: node_modules/@types/no
de/quic.d.ts:427:35 - error 
TS2304: Cannot find name 
'AsyncDisposable'.

427     class QuicEndpoint 
implements AsyncDisposable {
                             
         ~~~~~~~~~~~~~~~


Error: node_modules/@types/no
de/quic.d.ts:494:9 - error 
TS1165: A computed property 
name in an ambient context 
must refer to an expression 
whose type is a literal type 
or a 'unique symbol' type.

494         
[Symbol.asyncDispose](): 
Promise<void>;
            
~~~~~~~~~~~~~~~~~~~~~


Error: node_modules/@types/no
de/quic.d.ts:494:17 - error 
TS2339: Property 
'asyncDispose' does not 
exist on type 
'SymbolConstructor'.

494         
[Symbol.asyncDispose](): 
Promise<void>;
                    
~~~~~~~~~~~~


Error: node_modules/@types/no
de/quic.d.ts:583:34 - error 
TS2304: Cannot find name 
'AsyncDisposable'.

583     class QuicSession 
implements AsyncDisposable {
                             
        ~~~~~~~~~~~~~~~


Error: node_modules/@types/no
de/quic.d.ts:688:9 - error 
TS1165: A computed property 
name in an ambient context 
must refer to an expression 
whose type is a literal type 
or a 'unique symbol' type.

688         
[Symbol.asyncDispose](): 
Promise<void>;
            
~~~~~~~~~~~~~~~~~~~~~


Error: node_modules/@types/no
de/quic.d.ts:688:17 - error 
TS2339: Property 
'asyncDispose' does not 
exist on type 
'SymbolConstructor'.

688         
[Symbol.asyncDispose](): 
Promise<void>;
                    
~~~~~~~~~~~~


Error: node_modules/@types/no
de/readline.d.ts:63:46 - 
error TS2304: Cannot find 
name 'Disposable'.

63     class Interface 
implements EventEmitter, 
Disposable {
                             
                   ~~~~~~~~~~


Error: node_modules/@types/no
de/readline.d.ts:224:9 - 
error TS1165: A computed 
property name in an ambient 
context must refer to an 
expression whose type is a 
literal type or a 'unique 
symbol' type.

224         
[Symbol.dispose](): void;
            ~~~~~~~~~~~~~~~~


Error: node_modules/@types/no
de/readline.d.ts:224:17 - 
error TS2339: Property 
'dispose' does not exist on 
type 'SymbolConstructor'.

224         
[Symbol.dispose](): void;
                    ~~~~~~~


Error: node_modules/@types/no
de/sqlite.d.ts:263:35 - 
error TS2304: Cannot find 
name 'Disposable'.

263     class DatabaseSync 
implements Disposable {
                             
         ~~~~~~~~~~


Error: node_modules/@types/no
de/sqlite.d.ts:592:9 - error 
TS1165: A computed property 
name in an ambient context 
must refer to an expression 
whose type is a literal type 
or a 'unique symbol' type.

592         
[Symbol.dispose](): void;
            ~~~~~~~~~~~~~~~~


Error: node_modules/@types/no
de/sqlite.d.ts:592:17 - 
error TS2339: Property 
'dispose' does not exist on 
type 'SymbolConstructor'.

592         
[Symbol.dispose](): void;
                    ~~~~~~~


Error: node_modules/@types/no
de/sqlite.d.ts:626:9 - error 
TS1169: A computed property 
name in an interface must 
refer to an expression whose 
type is a literal type or a 
'unique symbol' type.

626         
[Symbol.dispose](): void;
            ~~~~~~~~~~~~~~~~


Error: node_modules/@types/no
de/sqlite.d.ts:626:17 - 
error TS2339: Property 
'dispose' does not exist on 
type 'SymbolConstructor'.

626         
[Symbol.dispose](): void;
                    ~~~~~~~


Error: node_modules/@types/no
de/stream.d.ts:678:13 - 
error TS1165: A computed 
property name in an ambient 
context must refer to an 
expression whose type is a 
literal type or a 'unique 
symbol' type.

678             
[Symbol.asyncDispose](): 
Promise<void>;
                
~~~~~~~~~~~~~~~~~~~~~


Error: node_modules/@types/no
de/stream.d.ts:678:21 - 
error TS2339: Property 
'asyncDispose' does not 
exist on type 
'SymbolConstructor'.

678             
[Symbol.asyncDispose](): 
Promise<void>;
                        
~~~~~~~~~~~~


Error: node_modules/@types/no
de/stream.d.ts:1010:13 - 
error TS1165: A computed 
property name in an ambient 
context must refer to an 
expression whose type is a 
literal type or a 'unique 
symbol' type.

1010             
[Symbol.asyncDispose](): 
Promise<void>;
                 
~~~~~~~~~~~~~~~~~~~~~


Error: node_modules/@types/no
de/stream.d.ts:1010:21 - 
error TS2339: Property 
'asyncDispose' does not 
exist on type 
'SymbolConstructor'.

1010             
[Symbol.asyncDispose](): 
Promise<void>;
                         
~~~~~~~~~~~~


Error: node_modules/@types/no
de/stream.d.ts:1558:17 - 
error TS5084: Tuple members 
must all have names or all 
not have names.

1558                 
...[PipelineSource<any>, 
...PipelineTransform<any, 
any>[], 
PipelineDestination<any, 
any>],
                     ~~~~~~~~
~~~~~~~~~~~~~~~~~~~~~~~~~~~~~
~~~~~~~~~~~~~~~~~~~~~~~~~~~~~
~~~~~~~~~~~~~~~~~~~~~~~


Error: node_modules/@types/no
de/stream/promises.d.ts:202:1
3 - error TS5084: Tuple 
members must all have names 
or all not have names.

202             
PipelineSource<any>,
                
~~~~~~~~~~~~~~~~~~~


Error: node_modules/@types/no
de/test.d.ts:2222:13 - error 
TS1169: A computed property 
name in an interface must 
refer to an expression whose 
type is a literal type or a 
'unique symbol' type.

2222             
[Symbol.dispose](): void;
                 
~~~~~~~~~~~~~~~~


Error: node_modules/@types/no
de/test.d.ts:2222:21 - error 
TS2339: Property 'dispose' 
does not exist on type 
'SymbolConstructor'.

2222             
[Symbol.dispose](): void;
                         
~~~~~~~


Error: node_modules/@types/no
de/timers.d.ts:34:53 - error 
TS2304: Cannot find name 
'Disposable'.

34             interface 
Immediate extends 
RefCounted, Disposable {
                             
                          
~~~~~~~~~~


Error: node_modules/@types/no
de/timers.d.ts:64:17 - error 
TS1169: A computed property 
name in an interface must 
refer to an expression whose 
type is a literal type or a 
'unique symbol' type.

64                 
[Symbol.dispose](): void;
                   
~~~~~~~~~~~~~~~~


Error: node_modules/@types/no
de/timers.d.ts:64:25 - error 
TS2339: Property 'dispose' 
does not exist on type 
'SymbolConstructor'.

64                 
[Symbol.dispose](): void;
                           
~~~~~~~


Error: node_modules/@types/no
de/timers.d.ts:86:51 - error 
TS2304: Cannot find name 
'Disposable'.

86             interface 
Timeout extends RefCounted, 
Disposable, Timer {
                             
                        
~~~~~~~~~~


Error: node_modules/@types/no
de/timers.d.ts:144:17 - 
error TS1169: A computed 
property name in an 
interface must refer to an 
expression whose type is a 
literal type or a 'unique 
symbol' type.

144                 
[Symbol.dispose](): void;
                    
~~~~~~~~~~~~~~~~


Error: node_modules/@types/no
de/timers.d.ts:144:25 - 
error TS2339: Property 
'dispose' does not exist on 
type 'SymbolConstructor'.

144                 
[Symbol.dispose](): void;
                            
~~~~~~~


Error: node_modules/@types/no
de/ts5.6/index.d.ts:29:21 - 
error TS2726: Cannot find 
lib definition for 
'esnext.disposable'.

29 /// <reference 
lib="esnext.disposable" />
                       
~~~~~~~~~~~~~~~~~


Error: node_modules/@types/no
de/v8.d.ts:421:9 - error 
TS1169: A computed property 
name in an interface must 
refer to an expression whose 
type is a literal type or a 
'unique symbol' type.

421         
[Symbol.dispose](): void;
            ~~~~~~~~~~~~~~~~


Error: node_modules/@types/no
de/v8.d.ts:421:17 - error 
TS2339: Property 'dispose' 
does not exist on type 
'SymbolConstructor'.

421         
[Symbol.dispose](): void;
                    ~~~~~~~


Error: node_modules/@types/no
de/v8.d.ts:437:9 - error 
TS1169: A computed property 
name in an interface must 
refer to an expression whose 
type is a literal type or a 
'unique symbol' type.

437         
[Symbol.asyncDispose](): 
Promise<void>;
            
~~~~~~~~~~~~~~~~~~~~~


Error: node_modules/@types/no
de/v8.d.ts:437:17 - error 
TS2339: Property 
'asyncDispose' does not 
exist on type 
'SymbolConstructor'.

437         
[Symbol.asyncDispose](): 
Promise<void>;
                    
~~~~~~~~~~~~


Error: node_modules/@types/no
de/v8.d.ts:453:9 - error 
TS1169: A computed property 
name in an interface must 
refer to an expression whose 
type is a literal type or a 
'unique symbol' type.

453         
[Symbol.asyncDispose](): 
Promise<void>;
            
~~~~~~~~~~~~~~~~~~~~~


Error: node_modules/@types/no
de/v8.d.ts:453:17 - error 
TS2339: Property 
'asyncDispose' does not 
exist on type 
'SymbolConstructor'.

453         
[Symbol.asyncDispose](): 
Promise<void>;
                    
~~~~~~~~~~~~


Error: node_modules/@types/no
de/v8.d.ts:744:9 - error 
TS1165: A computed property 
name in an ambient context 
must refer to an expression 
whose type is a literal type 
or a 'unique symbol' type.

744         
[Symbol.dispose](): void;
            ~~~~~~~~~~~~~~~~


Error: node_modules/@types/no
de/v8.d.ts:744:17 - error 
TS2339: Property 'dispose' 
does not exist on type 
'SymbolConstructor'.

744         
[Symbol.dispose](): void;
                    ~~~~~~~


Error: node_modules/@types/no
de/web-globals/streams.d.ts:4
0:9 - error TS2502: 
'CompressionStream' is 
referenced directly or 
indirectly in its own type 
annotation.

40     var 
CompressionStream: typeof 
globalThis extends {
           ~~~~~~~~~~~~~~~~~


Error: node_modules/@types/no
de/web-globals/streams.d.ts:5
1:9 - error TS2502: 
'DecompressionStream' is 
referenced directly or 
indirectly in its own type 
annotation.

51     var 
DecompressionStream: typeof 
globalThis extends {
           
~~~~~~~~~~~~~~~~~~~


Error: node_modules/@types/no
de/web-globals/streams.d.ts:6
0:9 - error TS2502: 'Readable
ByteStreamController' is 
referenced directly or 
indirectly in its own type 
annotation.

60     var ReadableByteStream
Controller: typeof 
globalThis extends
           
~~~~~~~~~~~~~~~~~~~~~~~~~~~~


Error: node_modules/@types/no
de/web-globals/streams.d.ts:6
8:9 - error TS2502: 
'ReadableStreamBYOBReader' 
is referenced directly or 
indirectly in its own type 
annotation.

68     var 
ReadableStreamBYOBReader: 
typeof globalThis extends { 
onmessage: any; 
ReadableStreamBYOBReader: 
infer T } ? T
           
~~~~~~~~~~~~~~~~~~~~~~~~


Error: node_modules/@types/no
de/web-globals/streams.d.ts:7
2:9 - error TS2502: 
'ReadableStreamBYOBRequest' 
is referenced directly or 
indirectly in its own type 
annotation.

72     var 
ReadableStreamBYOBRequest: 
typeof globalThis extends { 
onmessage: any; 
ReadableStreamBYOBRequest: 
infer T } ? T
           
~~~~~~~~~~~~~~~~~~~~~~~~~


Error: node_modules/@types/no
de/worker_threads.d.ts:394:9 
- error TS1165: A computed 
property name in an ambient 
context must refer to an 
expression whose type is a 
literal type or a 'unique 
symbol' type.

394         
[Symbol.asyncDispose](): 
Promise<void>;
            
~~~~~~~~~~~~~~~~~~~~~


Error: node_modules/@types/no
de/worker_threads.d.ts:394:17
 - error TS2339: Property 
'asyncDispose' does not 
exist on type 
'SymbolConstructor'.

394         
[Symbol.asyncDispose](): 
Promise<void>;
                    
~~~~~~~~~~~~


Error: node_modules/typescrip
t/lib/lib.dom.d.ts:14003:11 
- error TS2430: Interface 
'TextEncoder' incorrectly 
extends interface 'import("no
de:util").TextEncoder'.
  The types of 
'encodeInto(...).read' are 
incompatible between these 
types.
    Type 'number | 
undefined' is not assignable 
to type 'number'.
      Type 'undefined' is 
not assignable to type 
'number'.

14003 interface TextEncoder 
extends TextEncoderCommon {
                ~~~~~~~~~~~



